Information: Updating design information... (UID-85)
Information: Propagating switching activity (low effort zero delay simulation). (PWR-6)
Warning: Design has unannotated primary inputs. (PWR-414)
 
****************************************
Report : power
        -analysis_effort low
Design : c6288
Version: S-2021.06-SP5-4
Date   : Sun May 26 16:53:33 2024
****************************************


Library(s) Used:

    saed90nm_max (File: /synopsys/GPDK/SAED_EDK90nm/Digital_Standard_cell_Library/synopsys/models/saed90nm_max.db)


Operating Conditions: WORST   Library: saed90nm_max
Wire Load Model Mode: enclosed

Design        Wire Load Model            Library
------------------------------------------------
c6288                  16000             saed90nm_max


Global Operating Voltage = 0.7  
Power-specific unit information :
    Voltage Units = 1V
    Capacitance Units = 1.000000ff
    Time Units = 1ns
    Dynamic Power Units = 1uW    (derived from V,C,T units)
    Leakage Power Units = 1pW


  Cell Internal Power  =  13.7965 uW   (76%)
  Net Switching Power  =   4.3203 uW   (24%)
                         ---------
Total Dynamic Power    =  18.1168 uW  (100%)

Cell Leakage Power     =  34.8182 uW


                 Internal         Switching           Leakage            Total
Power Group      Power            Power               Power              Power   (   %    )  Attrs
--------------------------------------------------------------------------------------------------
io_pad             0.0000            0.0000            0.0000            0.0000  (   0.00%)
memory             0.0000            0.0000            0.0000            0.0000  (   0.00%)
black_box          0.0000            0.0000            0.0000            0.0000  (   0.00%)
clock_network      0.0000            0.0000            0.0000            0.0000  (   0.00%)
register           6.9957            0.5062        7.5352e+06           15.0372  (  28.41%)
sequential         0.0000            0.0000            0.0000            0.0000  (   0.00%)
combinational      6.8008            3.8141        2.7283e+07           37.8979  (  71.59%)
--------------------------------------------------------------------------------------------------
Total             13.7965 uW         4.3203 uW     3.4818e+07 pW        52.9350 uW
1
